// Vitest Snapshot v1, https://vitest.dev/guide/snapshot.html

exports[`layout.tsx > renders unchanged 1`] = `
<DocumentFragment>
  <header
    class="mx-auto flex h-20 max-w-3xl items-center justify-between px-2 py-5"
  >
    <a
      class="text-2xl"
      href="/"
    >
      X Clone 2023
    </a>
    <button
      class="inline-flex items-center justify-center rounded-md text-sm font-medium ring-offset-background transition-colors focus-visible:outline-none focus-visible:ring-2 focus-visible:ring-ring focus-visible:ring-offset-2 disabled:pointer-events-none disabled:opacity-50 bg-primary text-primary-foreground hover:bg-primary/90 h-10 px-4 py-2"
      type="button"
    >
      Sign out
    </button>
  </header>
  <main
    class="mx-auto max-w-3xl px-2 py-10"
  >
    main
  </main>
  <div
    aria-label="Notifications (F8)"
    role="region"
    style="pointer-events: none;"
    tabindex="-1"
  >
    <ol
      class="fixed top-0 z-[100] flex max-h-screen w-full flex-col-reverse p-4 sm:bottom-0 sm:right-0 sm:top-auto sm:flex-col md:max-w-[420px]"
      tabindex="-1"
    />
  </div>
</DocumentFragment>
`;
